2026-10-05 18:22:32 0 [Note] Starting MariaDB 10.4.32-MariaDB source revision c4143f909528e3fab0677a28631d10389354c491 as process 18896
2026-10-05 18:22:32 0 [Note] InnoDB: Mutexes and rw_locks use Windows interlocked functions
2026-10-05 18:22:32 0 [Note] InnoDB: Uses event mutexes
2026-10-05 18:22:32 0 [Note] InnoDB: Compressed tables use zlib 1.3
2026-10-05 18:22:32 0 [Note] InnoDB: Number of pools: 1
2026-10-05 18:22:32 0 [Note] InnoDB: Using SSE2 crc32 instructions
2026-10-05 18:22:32 0 [Note] InnoDB: Initializing buffer pool, total size = 128M, instances = 1, chunk size = 128M
2026-10-05 18:22:32 0 [Note] InnoDB: Completed initialization of buffer pool
2026-10-05 18:22:32 0 [Note] InnoDB: Starting crash recovery from checkpoint LSN=381800
2026-10-05 18:22:33 0 [Note] InnoDB: Resizing redo log from 2*5242880 to 2*50331648 bytes; LSN=381818
2026-10-05 18:22:33 0 [Note] InnoDB: Starting to delete and rewrite log files.
2026-10-05 18:22:33 0 [Note] InnoDB: Setting log file .\ib_logfile101 size to 50331648 bytes
2026-10-05 18:22:33 0 [Note] InnoDB: Setting log file .\ib_logfile1 size to 50331648 bytes
2026-10-05 18:22:33 0 [Note] InnoDB: Renaming log file .\ib_logfile101 to .\ib_logfile0
2026-10-05 18:22:33 0 [Note] InnoDB: New log files created, LSN=381818
2026-10-05 18:22:33 0 [Note] InnoDB: 128 out of 128 rollback segments are active.
2026-10-05 18:22:33 0 [Note] InnoDB: Removed temporary tablespace data file: "ibtmp1"
2026-10-05 18:22:33 0 [Note] InnoDB: Creating shared tablespace for temporary tables
2026-10-05 18:22:33 0 [Note] InnoDB: Setting file '.\ibtmp1' size to 12 MB. Physically writing the file full; Please wait ...
2026-10-05 18:22:33 0 [Note] InnoDB: File '.\ibtmp1' size is now 12 MB.
2026-10-05 18:22:33 0 [Note] InnoDB: Waiting for purge to start
2026-10-05 18:22:33 0 [Note] InnoDB: 10.4.32 started; log sequence number 381818; transaction id 454
2026-10-05 18:22:33 0 [Note] InnoDB: Loading buffer pool(s) from c:\xampp\mysql\data\ib_buffer_pool
2026-10-05 18:22:33 0 [Note] Plugin 'FEEDBACK' is disabled.
2026-10-05 18:22:33 0 [Note] InnoDB: Buffer pool(s) load completed at 261005 18:22:33
2026-10-05 18:22:33 0 [Note] Server socket created on IP: '::'.
2026-10-05 18:22:37 0 [Note] Starting MariaDB 10.4.32-MariaDB source revision c4143f909528e3fab0677a28631d10389354c491 as process 6788
2026-10-05 18:22:37 0 [Note] InnoDB: Mutexes and rw_locks use Windows interlocked functions
2026-10-05 18:22:37 0 [Note] InnoDB: Uses event mutexes
2026-10-05 18:22:37 0 [Note] InnoDB: Compressed tables use zlib 1.3
2026-10-05 18:22:37 0 [Note] InnoDB: Number of pools: 1
2026-10-05 18:22:38 0 [Note] InnoDB: Using SSE2 crc32 instructions
2026-10-05 18:22:38 0 [Note] InnoDB: Initializing buffer pool, total size = 128M, instances = 1, chunk size = 128M
2026-10-05 18:22:38 0 [Note] InnoDB: Completed initialization of buffer pool
2026-10-05 18:22:38 0 [Note] InnoDB: The log sequence number 381818 in the system tablespace does not match the log sequence number 381964 in the ib_logfiles!
2026-10-05 18:22:38 0 [Note] InnoDB: 128 out of 128 rollback segments are active.
2026-10-05 18:22:38 0 [Note] InnoDB: Removed temporary tablespace data file: "ibtmp1"
2026-10-05 18:22:38 0 [Note] InnoDB: Creating shared tablespace for temporary tables
2026-10-05 18:22:38 0 [Note] InnoDB: Setting file '.\ibtmp1' size to 12 MB. Physically writing the file full; Please wait ...
2026-10-05 18:22:38 0 [Note] InnoDB: File '.\ibtmp1' size is now 12 MB.
2026-10-05 18:22:38 0 [Note] InnoDB: Waiting for purge to start
2026-10-05 18:22:38 0 [Note] InnoDB: 10.4.32 started; log sequence number 381964; transaction id 454
2026-10-05 18:22:38 0 [Note] InnoDB: Loading buffer pool(s) from c:\xampp\mysql\data\ib_buffer_pool
2026-10-05 18:22:38 0 [Note] Plugin 'FEEDBACK' is disabled.
2026-10-05 18:22:38 0 [Note] Server socket created on IP: '::'.
2026-10-05 18:23:09 0 [Note] Starting MariaDB 10.4.32-MariaDB source revision c4143f909528e3fab0677a28631d10389354c491 as process 15084
2026-10-05 18:23:09 0 [Note] InnoDB: Mutexes and rw_locks use Windows interlocked functions
2026-10-05 18:23:09 0 [Note] InnoDB: Uses event mutexes
2026-10-05 18:23:09 0 [Note] InnoDB: Compressed tables use zlib 1.3
2026-10-05 18:23:09 0 [Note] InnoDB: Number of pools: 1
2026-10-05 18:23:09 0 [Note] InnoDB: Using SSE2 crc32 instructions
2026-10-05 18:23:09 0 [Note] InnoDB: Initializing buffer pool, total size = 128M, instances = 1, chunk size = 128M
2026-10-05 18:23:09 0 [Note] InnoDB: Completed initialization of buffer pool
2026-10-05 18:23:09 0 [Note] InnoDB: The log sequence number 381818 in the system tablespace does not match the log sequence number 381964 in the ib_logfiles!
2026-10-05 18:23:10 0 [Note] InnoDB: 128 out of 128 rollback segments are active.
2026-10-05 18:23:10 0 [Note] InnoDB: Removed temporary tablespace data file: "ibtmp1"
2026-10-05 18:23:10 0 [Note] InnoDB: Creating shared tablespace for temporary tables
2026-10-05 18:23:10 0 [Note] InnoDB: Setting file '.\ibtmp1' size to 12 MB. Physically writing the file full; Please wait ...
2026-10-05 18:23:10 0 [Note] InnoDB: File '.\ibtmp1' size is now 12 MB.
2026-10-05 18:23:10 0 [Note] InnoDB: Waiting for purge to start
2026-10-05 18:23:10 0 [Note] InnoDB: 10.4.32 started; log sequence number 381964; transaction id 454
2026-10-05 18:23:10 0 [Note] InnoDB: Loading buffer pool(s) from c:\xampp\mysql\data\ib_buffer_pool
2026-10-05 18:23:10 0 [Note] Plugin 'FEEDBACK' is disabled.
2026-10-05 18:23:10 0 [Note] Server socket created on IP: '::'.
2026-10-05 18:23:10 0 [Note] InnoDB: Buffer pool(s) load completed at 261005 18:23:10
2026-10-05 18:29:32 0 [Note] Starting MariaDB 10.4.32-MariaDB source revision c4143f909528e3fab0677a28631d10389354c491 as process 4816
2026-10-05 18:29:32 0 [Note] InnoDB: Mutexes and rw_locks use Windows interlocked functions
2026-10-05 18:29:32 0 [Note] InnoDB: Uses event mutexes
2026-10-05 18:29:32 0 [Note] InnoDB: Compressed tables use zlib 1.3
2026-10-05 18:29:32 0 [Note] InnoDB: Number of pools: 1
2026-10-05 18:29:32 0 [Note] InnoDB: Using SSE2 crc32 instructions
2026-10-05 18:29:32 0 [Note] InnoDB: Initializing buffer pool, total size = 128M, instances = 1, chunk size = 128M
2026-10-05 18:29:32 0 [Note] InnoDB: Completed initialization of buffer pool
2026-10-05 18:29:32 0 [Note] InnoDB: The log sequence number 381818 in the system tablespace does not match the log sequence number 381964 in the ib_logfiles!
2026-10-05 18:29:33 0 [Note] InnoDB: 128 out of 128 rollback segments are active.
2026-10-05 18:29:33 0 [Note] InnoDB: Removed temporary tablespace data file: "ibtmp1"
2026-10-05 18:29:33 0 [Note] InnoDB: Creating shared tablespace for temporary tables
2026-10-05 18:29:33 0 [Note] InnoDB: Setting file '.\ibtmp1' size to 12 MB. Physically writing the file full; Please wait ...
2026-10-05 18:29:33 0 [Note] InnoDB: File '.\ibtmp1' size is now 12 MB.
2026-10-05 18:29:33 0 [Note] InnoDB: Waiting for purge to start
2026-10-05 18:29:33 0 [Note] InnoDB: 10.4.32 started; log sequence number 381964; transaction id 454
2026-10-05 18:29:33 0 [Note] InnoDB: Loading buffer pool(s) from c:\xampp\mysql\data\ib_buffer_pool
2026-10-05 18:29:33 0 [Note] Plugin 'FEEDBACK' is disabled.
2026-10-05 18:29:33 0 [Note] InnoDB: Buffer pool(s) load completed at 261005 18:29:33
2026-10-05 18:29:33 0 [Note] Server socket created on IP: '::'.
261005 18:29:33 [ERROR] mysqld got exception 0xc0000005 ;
Sorry, we probably made a mistake, and this is a bug.

Your assistance in bug reporting will enable us to fix this for the next release.
To report this bug, see https://mariadb.com/kb/en/reporting-bugs

We will try our best to scrape up some info that will hopefully help
diagnose the problem, but since we have already crashed, 
something is definitely wrong and this may fail.

Server version: 10.4.32-MariaDB source revision: c4143f909528e3fab0677a28631d10389354c491
key_buffer_size=134217728
read_buffer_size=131072
max_used_connections=0
max_threads=65537
thread_count=6
It is possible that mysqld could use up to 
key_buffer_size + (read_buffer_size + sort_buffer_size)*max_threads = 136400 K  bytes of memory
Hope that's ok; if not, decrease some variables in the equation.

Thread pointer: 0x1e9f1f2d818
Attempting backtrace. You can use the following information to find out
where mysqld died. If you see no messages after this, something went
terribly wrong...
VCRUNTIME140.dll!memcpy()
mysqld.exe!parse_user()
mysqld.exe!parse_user()
mysqld.exe!?ha_rnd_next@handler@@QEAAHPEAE@Z()
mysqld.exe!?rr_sequential@@YAHPEAUREAD_RECORD@@@Z()
mysqld.exe!?acl_init@@YA_N_N@Z()
mysqld.exe!?acl_reload@@YA_NPEAVTHD@@@Z()
mysqld.exe!?acl_init@@YA_N_N@Z()
mysqld.exe!?win_main@@YAHHPEAPEAD@Z()
mysqld.exe!?mysql_service@@YAXPEAX@Z()
mysqld.exe!?mysqld_main@@YAHHPEAPEAD@Z()
mysqld.exe!strxnmov()
KERNEL32.DLL!BaseThreadInitThunk()
ntdll.dll!RtlUserThreadStart()

Trying to get some variables.
Some pointers may be invalid and cause the dump to abort.
Query (0x0): 
Connection ID (thread ID): 0
Status: NOT_KILLED

Optimizer switch: index_merge=on,index_merge_union=on,index_merge_sort_union=on,index_merge_intersection=on,index_merge_sort_intersection=off,engine_condition_pushdown=off,index_condition_pushdown=on,derived_merge=on,derived_with_keys=on,firstmatch=on,loosescan=on,materialization=on,in_to_exists=on,semijoin=on,partial_match_rowid_merge=on,partial_match_table_scan=on,subquery_cache=on,mrr=off,mrr_cost_based=off,mrr_sort_keys=off,outer_join_with_cache=on,semijoin_with_cache=on,join_cache_incremental=on,join_cache_hashed=on,join_cache_bka=on,optimize_join_buffer_size=on,table_elimination=on,extended_keys=on,exists_to_in=on,orderby_uses_equalities=on,condition_pushdown_for_derived=on,split_materialized=on,condition_pushdown_for_subquery=on,rowid_filter=on,condition_pushdown_from_having=on

The manual page at https://mariadb.com/kb/en/how-to-produce-a-full-stack-trace-for-mariadbd/ contains
information that should help you find out what is causing the crash.
Writing a core file at c:\xampp\mysql\data
Minidump written to c:\xampp\mysql\data\mysqld.dmp
